main.c:88:5:main	8	static
main.c:147:6:SystemClock_Config	112	static
main.c:197:13:MX_ADC1_Init	24	static
main.c:254:13:MX_I2C1_Init	8	static
main.c:300:13:MX_SPI1_Init	8	static
main.c:340:13:MX_TIM3_Init	48	static
main.c:389:13:MX_TIM15_Init	40	static
main.c:435:13:MX_USART1_UART_Init	8	static
main.c:483:13:MX_GPIO_Init	48	static
main.c:550:7:battery_status	24	static
main.c:569:6:power_up	8	static
main.c:583:6:power_down	8	static
main.c:591:6:HAL_GPIO_EXTI_Falling_Callback	16	static
main.c:602:6:Error_Handler	8	static
